// Jest Snapshot v1, https://goo.gl/fbAQLP

exports[`messages reducer should mark fetch start correctly 1`] = `
Object {
  "data": Array [],
  "isFetching": true,
}
`;

exports[`messages reducer should output messages on fetch success 1`] = `
Object {
  "data": Array [
    Object {
      "created": "1532432201308",
      "id": "1",
      "message": "Hi Bob!",
      "sender": "Alice",
    },
    Object {
      "created": "1532432212345",
      "id": "2",
      "message": "Hi Alice!",
      "sender": "Bob",
    },
  ],
  "isFetching": false,
}
`;
